mvn : WARNING: A terminally deprecated method in sun.misc.Unsafe has been called
At line:1 char:33
+ ...  "E:\Spring_Boot\JwtExample"; mvn test 2>&1 > test_output.txt; Get-Co ...
+                                   ~~~~~~~~~~~~~~~~~~~~~~~~~~~~~~~
    + CategoryInfo          : NotSpecified: (WARNING: A term...has been called:String) [], RemoteException
    + FullyQualifiedErrorId : NativeCommandError
 
WARNING: sun.misc.Unsafe::staticFieldBase has been called by com.google.inject.internal.aop.HiddenClassDefiner 
(file:/C:/Program%20Files/apache-maven-3.9.11/lib/guice-5.1.0-classes.jar)
WARNING: Please consider reporting this to the maintainers of class com.google.inject.internal.aop.HiddenClassDefiner
WARNING: sun.misc.Unsafe::staticFieldBase will be removed in a future release
[INFO] Scanning for projects...
[INFO] 
[INFO] ---------------------< com.jwt.example:JwtExample >---------------------
[INFO] Building JwtExample 0.0.1-SNAPSHOT
[INFO]   from pom.xml
[INFO] --------------------------------[ jar ]---------------------------------
[INFO] 
[INFO] --- resources:3.3.1:resources (default-resources) @ JwtExample ---
[INFO] Copying 6 resources from src\main\resources to target\classes
[INFO] Copying 0 resource from src\main\resources to target\classes
[INFO] 
[INFO] --- compiler:3.14.1:compile (default-compile) @ JwtExample ---
[INFO] Nothing to compile - all classes are up to date.
[INFO] 
[INFO] --- resources:3.3.1:testResources (default-testResources) @ JwtExample ---
[INFO] skip non existing resourceDirectory E:\Spring_Boot\JwtExample\src\test\resources
[INFO] 
[INFO] --- compiler:3.14.1:testCompile (default-testCompile) @ JwtExample ---
[INFO] Nothing to compile - all classes are up to date.
[INFO] 
[INFO] --- surefire:3.5.4:test (default-test) @ JwtExample ---
[INFO] Using auto detected provider org.apache.maven.surefire.junitplatform.JUnitPlatformProvider
[INFO] 
[INFO] -------------------------------------------------------
[INFO]  T E S T S
[INFO] -------------------------------------------------------
[INFO] Running com.jwt.example.JwtExample.controller.AuthControllerIntegrationTest
14:18:40.979 [main] INFO org.springframework.test.context.support.AnnotationConfigContextLoaderUtils -- Could not detect default configuration classes for test class [com.jwt.example.JwtExample.controller.AuthControllerIntegrationTest]: AuthControllerIntegrationTest does not declare any static, non-private, non-final, nested classes annotated with @Configuration.
14:18:41.129 [main] INFO org.springframework.boot.test.context.SpringBootTestContextBootstrapper -- Found @SpringBootConfiguration com.jwt.example.JwtExample.JwtExampleApplication for test class com.jwt.example.JwtExample.controller.AuthControllerIntegrationTest

  .   ____          _            __ _ _
 /\\ / ___'_ __ _ _(_)_ __  __ _ \ \ \ \
( ( )\___ | '_ | '_| | '_ \/ _` | \ \ \ \
 \\/  ___)| |_)| | | | | || (_| |  ) ) ) )
  '  |____| .__|_| |_|_| |_\__, | / / / /
 =========|_|==============|___/=/_/_/_/

 :: Spring Boot ::                (v4.0.2)

2026-02-18T14:18:41.517+05:30  INFO 19624 --- [JWT Authentication Example] [           main] c.j.e.J.c.AuthControllerIntegrationTest  : Starting AuthControllerIntegrationTest using Java 25.0.2 with PID 19624 (started by Atul Satpute in E:\Spring_Boot\JwtExample)
2026-02-18T14:18:41.518+05:30 DEBUG 19624 --- [JWT Authentication Example] [           main] c.j.e.J.c.AuthControllerIntegrationTest  : Running with Spring Boot v4.0.2, Spring v7.0.3
2026-02-18T14:18:41.519+05:30  INFO 19624 --- [JWT Authentication Example] [           main] c.j.e.J.c.AuthControllerIntegrationTest  : The following 1 profile is active: "dev"
2026-02-18T14:18:42.212+05:30  INFO 19624 --- [JWT Authentication Example] [           main] .s.d.r.c.RepositoryConfigurationDelegate : Bootstrapping Spring Data JPA repositories in DEFAULT mode.
2026-02-18T14:18:42.271+05:30  INFO 19624 --- [JWT Authentication Example] [           main] .s.d.r.c.RepositoryConfigurationDelegate : Finished Spring Data repository scanning in 52 ms. Found 1 JPA repository interface.
2026-02-18T14:18:42.738+05:30  INFO 19624 --- [JWT Authentication Example] [           main] org.hibernate.orm.jpa                    : HHH008540: Processing PersistenceUnitInfo [name: default]
2026-02-18T14:18:42.776+05:30  INFO 19624 --- [JWT Authentication Example] [           main] org.hibernate.orm.core                   : HHH000001: Hibernate ORM core version 7.2.1.Final
2026-02-18T14:18:43.249+05:30  INFO 19624 --- [JWT Authentication Example] [           main] o.s.o.j.p.SpringPersistenceUnitInfo      : No LoadTimeWeaver setup: ignoring JPA class transformer
2026-02-18T14:18:43.275+05:30  INFO 19624 --- [JWT Authentication Example] [           main] com.zaxxer.hikari.HikariDataSource       : HikariPool-1 - Starting...
2026-02-18T14:18:43.409+05:30  INFO 19624 --- [JWT Authentication Example] [           main] com.zaxxer.hikari.pool.HikariPool        : HikariPool-1 - Added connection conn0: url=jdbc:h2:mem:testdb user=SA
2026-02-18T14:18:43.412+05:30  INFO 19624 --- [JWT Authentication Example] [           main] com.zaxxer.hikari.HikariDataSource       : HikariPool-1 - Start completed.
2026-02-18T14:18:43.428+05:30  WARN 19624 --- [JWT Authentication Example] [           main] org.hibernate.orm.deprecation            : HHH90000025: H2Dialect does not need to be specified explicitly using 'hibernate.dialect' (remove the property setting and it will be selected by default)
2026-02-18T14:18:43.446+05:30  INFO 19624 --- [JWT Authentication Example] [           main] org.hibernate.orm.connections.pooling    : HHH10001005: Database info:
	Database JDBC URL [jdbc:h2:mem:testdb]
	Database driver: H2 JDBC Driver
	Database dialect: H2Dialect
	Database version: 2.4.240
	Default catalog/schema: TESTDB/PUBLIC
	Autocommit mode: undefined/unknown
	Isolation level: READ_COMMITTED [default READ_COMMITTED]
	JDBC fetch size: 100
	Pool: DataSourceConnectionProvider
	Minimum pool size: undefined/unknown
	Maximum pool size: undefined/unknown
2026-02-18T14:18:44.173+05:30  INFO 19624 --- [JWT Authentication Example] [           main] org.hibernate.orm.core                   : HHH000489: No JTA platform available (set 'hibernate.transaction.jta.platform' to enable JTA platform integration)
2026-02-18T14:18:44.187+05:30 DEBUG 19624 --- [JWT Authentication Example] [           main] org.hibernate.SQL                        : 
    drop table if exists users cascade 
Hibernate: 
    drop table if exists users cascade 
2026-02-18T14:18:44.193+05:30 DEBUG 19624 --- [JWT Authentication Example] [           main] org.hibernate.SQL                        : 
    create table users (
        enabled boolean not null,
        created_at bigint not null,
        id bigint generated by default as identity,
        updated_at bigint,
        email varchar(255) not null unique,
        full_name varchar(255) not null,
        password varchar(255) not null,
        username varchar(255) not null unique,
        primary key (id)
    )
Hibernate: 
    create table users (
        enabled boolean not null,
        created_at bigint not null,
        id bigint generated by default as identity,
        updated_at bigint,
        email varchar(255) not null unique,
        full_name varchar(255) not null,
        password varchar(255) not null,
        username varchar(255) not null unique,
        primary key (id)
    )
2026-02-18T14:18:44.204+05:30  INFO 19624 --- [JWT Authentication Example] [           main] j.LocalContainerEntityManagerFactoryBean : Initialized JPA EntityManagerFactory for persistence unit 'default'
2026-02-18T14:18:44.308+05:30  INFO 19624 --- [JWT Authentication Example] [           main] o.s.d.j.r.query.QueryEnhancerFactories   : Hibernate is in classpath; If applicable, HQL parser will be used.
2026-02-18T14:18:44.512+05:30  WARN 19624 --- [JWT Authentication Example] [           main] JpaBaseConfiguration$JpaWebConfiguration : spring.jpa.open-in-view is enabled by default. Therefore, database queries may be performed during view rendering. Explicitly configure spring.jpa.open-in-view to disable this warning
2026-02-18T14:18:44.626+05:30  INFO 19624 --- [JWT Authentication Example] [           main] r$InitializeUserDetailsManagerConfigurer : Global AuthenticationManager configured with UserDetailsService bean with name customUserDetailsService
2026-02-18T14:18:44.803+05:30 DEBUG 19624 --- [JWT Authentication Example] [           main] o.s.s.web.DefaultSecurityFilterChain     : Will secure any request with filters: DisableEncodeUrlFilter, WebAsyncManagerIntegrationFilter, SecurityContextHolderFilter, HeaderWriterFilter, LogoutFilter, JwtAuthenticationFilter, RequestCacheAwareFilter, SecurityContextHolderAwareRequestFilter, AnonymousAuthenticationFilter, SessionManagementFilter, ExceptionTranslationFilter, AuthorizationFilter
2026-02-18T14:18:45.180+05:30  INFO 19624 --- [JWT Authentication Example] [           main] c.j.e.J.c.AuthControllerIntegrationTest  : Started AuthControllerIntegrationTest in 3.929 seconds (process running for 4.994)
2026-02-18T14:18:45.196+05:30  INFO 19624 --- [JWT Authentication Example] [           main] j.LocalContainerEntityManagerFactoryBean : Closing JPA EntityManagerFactory for persistence unit 'default'
2026-02-18T14:18:45.197+05:30 DEBUG 19624 --- [JWT Authentication Example] [           main] org.hibernate.SQL                        : 
    drop table if exists users cascade 
Hibernate: 
    drop table if exists users cascade 
2026-02-18T14:18:45.201+05:30  INFO 19624 --- [JWT Authentication Example] [           main] com.zaxxer.hikari.HikariDataSource       : HikariPool-1 - Shutdown initiated...
2026-02-18T14:18:45.203+05:30  INFO 19624 --- [JWT Authentication Example] [           main] com.zaxxer.hikari.HikariDataSource       : HikariPool-1 - Shutdown completed.

  .   ____          _            __ _ _
 /\\ / ___'_ __ _ _(_)_ __  __ _ \ \ \ \
( ( )\___ | '_ | '_| | '_ \/ _` | \ \ \ \
 \\/  ___)| |_)| | | | | || (_| |  ) ) ) )
  '  |____| .__|_| |_|_| |_\__, | / / / /
 =========|_|==============|___/=/_/_/_/

 :: Spring Boot ::                (v4.0.2)

2026-02-18T14:18:45.241+05:30  INFO 19624 --- [JWT Authentication Example] [           main] c.j.e.J.c.AuthControllerIntegrationTest  : Starting AuthControllerIntegrationTest using Java 25.0.2 with PID 19624 (started by Atul Satpute in E:\Spring_Boot\JwtExample)
2026-02-18T14:18:45.241+05:30 DEBUG 19624 --- [JWT Authentication Example] [           main] c.j.e.J.c.AuthControllerIntegrationTest  : Running with Spring Boot v4.0.2, Spring v7.0.3
2026-02-18T14:18:45.241+05:30  INFO 19624 --- [JWT Authentication Example] [           main] c.j.e.J.c.AuthControllerIntegrationTest  : The following 1 profile is active: "dev"
2026-02-18T14:18:45.448+05:30  INFO 19624 --- [JWT Authentication Example] [           main] .s.d.r.c.RepositoryConfigurationDelegate : Bootstrapping Spring Data JPA repositories in DEFAULT mode.
2026-02-18T14:18:45.457+05:30  INFO 19624 --- [JWT Authentication Example] [           main] .s.d.r.c.RepositoryConfigurationDelegate : Finished Spring Data repository scanning in 8 ms. Found 1 JPA repository interface.
2026-02-18T14:18:45.529+05:30  INFO 19624 --- [JWT Authentication Example] [           main] org.hibernate.orm.jpa                    : HHH008540: Processing PersistenceUnitInfo [name: default]
2026-02-18T14:18:45.551+05:30  INFO 19624 --- [JWT Authentication Example] [           main] o.s.o.j.p.SpringPersistenceUnitInfo      : No LoadTimeWeaver setup: ignoring JPA class transformer
2026-02-18T14:18:45.553+05:30  INFO 19624 --- [JWT Authentication Example] [           main] com.zaxxer.hikari.HikariDataSource       : HikariPool-2 - Starting...
2026-02-18T14:18:45.555+05:30  INFO 19624 --- [JWT Authentication Example] [           main] com.zaxxer.hikari.pool.HikariPool        : HikariPool-2 - Added connection conn10: url=jdbc:h2:mem:testdb user=SA
2026-02-18T14:18:45.555+05:30  INFO 19624 --- [JWT Authentication Example] [           main] com.zaxxer.hikari.HikariDataSource       : HikariPool-2 - Start completed.
2026-02-18T14:18:45.555+05:30  WARN 19624 --- [JWT Authentication Example] [           main] org.hibernate.orm.deprecation            : HHH90000025: H2Dialect does not need to be specified explicitly using 'hibernate.dialect' (remove the property setting and it will be selected by default)
2026-02-18T14:18:45.556+05:30  INFO 19624 --- [JWT Authentication Example] [           main] org.hibernate.orm.connections.pooling    : HHH10001005: Database info:
	Database JDBC URL [jdbc:h2:mem:testdb]
	Database driver: H2 JDBC Driver
	Database dialect: H2Dialect
	Database version: 2.4.240
	Default catalog/schema: TESTDB/PUBLIC
	Autocommit mode: undefined/unknown
	Isolation level: READ_COMMITTED [default READ_COMMITTED]
	JDBC fetch size: 100
	Pool: DataSourceConnectionProvider
	Minimum pool size: undefined/unknown
	Maximum pool size: undefined/unknown
2026-02-18T14:18:45.582+05:30  INFO 19624 --- [JWT Authentication Example] [           main] org.hibernate.orm.core                   : HHH000489: No JTA platform available (set 'hibernate.transaction.jta.platform' to enable JTA platform integration)
2026-02-18T14:18:45.583+05:30 DEBUG 19624 --- [JWT Authentication Example] [           main] org.hibernate.SQL                        : 
    drop table if exists users cascade 
Hibernate: 
    drop table if exists users cascade 
2026-02-18T14:18:45.583+05:30 DEBUG 19624 --- [JWT Authentication Example] [           main] org.hibernate.SQL                        : 
    create table users (
        enabled boolean not null,
        created_at bigint not null,
        id bigint generated by default as identity,
        updated_at bigint,
        email varchar(255) not null unique,
        full_name varchar(255) not null,
        password varchar(255) not null,
        username varchar(255) not null unique,
        primary key (id)
    )
Hibernate: 
    create table users (
        enabled boolean not null,
        created_at bigint not null,
        id bigint generated by default as identity,
        updated_at bigint,
        email varchar(255) not null unique,
        full_name varchar(255) not null,
        password varchar(255) not null,
        username varchar(255) not null unique,
        primary key (id)
    )
2026-02-18T14:18:45.585+05:30  INFO 19624 --- [JWT Authentication Example] [           main] j.LocalContainerEntityManagerFactoryBean : Initialized JPA EntityManagerFactory for persistence unit 'default'
2026-02-18T14:18:45.626+05:30  WARN 19624 --- [JWT Authentication Example] [           main] JpaBaseConfiguration$JpaWebConfiguration : spring.jpa.open-in-view is enabled by default. Therefore, database queries may be performed during view rendering. Explicitly configure spring.jpa.open-in-view to disable this warning
2026-02-18T14:18:45.670+05:30  INFO 19624 --- [JWT Authentication Example] [           main] r$InitializeUserDetailsManagerConfigurer : Global AuthenticationManager configured with UserDetailsService bean with name customUserDetailsService
2026-02-18T14:18:45.712+05:30 DEBUG 19624 --- [JWT Authentication Example] [           main] o.s.s.web.DefaultSecurityFilterChain     : Will secure any request with filters: DisableEncodeUrlFilter, WebAsyncManagerIntegrationFilter, SecurityContextHolderFilter, HeaderWriterFilter, LogoutFilter, JwtAuthenticationFilter, RequestCacheAwareFilter, SecurityContextHolderAwareRequestFilter, AnonymousAuthenticationFilter, SessionManagementFilter, ExceptionTranslationFilter, AuthorizationFilter
2026-02-18T14:18:45.797+05:30  INFO 19624 --- [JWT Authentication Example] [           main] c.j.e.J.c.AuthControllerIntegrationTest  : Started AuthControllerIntegrationTest in 0.591 seconds (process running for 5.612)
Mockito is currently self-attaching to enable the inline-mock-maker. This will no longer work in future releases of the JDK. Please add Mockito as an agent to your build as 
described in Mockito's documentation: https://javadoc.io/doc/org.mockito/mockito-core/latest/org.mockito/org/mockito/Mockito.html#0.3
Java HotSpot(TM) 64-Bit Server VM warning: Sharing is only supported for boot loader classes because bootstrap classpath has been appended
WARNING: A Java agent has been loaded dynamically (C:\Users\Atul Satpute\.m2\repository\net\bytebuddy\byte-buddy-agent\1.17.8\byte-buddy-agent-1.17.8.jar)
WARNING: If a serviceability tool is in use, please run with -XX:+EnableDynamicAgentLoading to hide this warning
WARNING: If a serviceability tool is not in use, please run with -Djdk.instrument.traceUsage for more information
WARNING: Dynamic loading of agents will be disallowed by default in a future release
2026-02-18T14:18:46.038+05:30  INFO 19624 --- [JWT Authentication Example] [           main] o.s.b.t.m.w.SpringBootMockServletContext : Initializing Spring TestDispatcherServlet ''
2026-02-18T14:18:46.038+05:30  INFO 19624 --- [JWT Authentication Example] [           main] o.s.t.web.servlet.TestDispatcherServlet  : Initializing Servlet ''
2026-02-18T14:18:46.039+05:30  INFO 19624 --- [JWT Authentication Example] [           main] o.s.t.web.servlet.TestDispatcherServlet  : Completed initialization in 1 ms
2026-02-18T14:18:46.137+05:30  INFO 19624 --- [JWT Authentication Example] [           main] j.LocalContainerEntityManagerFactoryBean : Closing JPA EntityManagerFactory for persistence unit 'default'
2026-02-18T14:18:46.138+05:30 DEBUG 19624 --- [JWT Authentication Example] [           main] org.hibernate.SQL                        : 
    drop table if exists users cascade 
Hibernate: 
    drop table if exists users cascade 
2026-02-18T14:18:46.140+05:30  INFO 19624 --- [JWT Authentication Example] [           main] com.zaxxer.hikari.HikariDataSource       : HikariPool-2 - Shutdown initiated...
2026-02-18T14:18:46.141+05:30  INFO 19624 --- [JWT Authentication Example] [           main] com.zaxxer.hikari.HikariDataSource       : HikariPool-2 - Shutdown completed.

  .   ____          _            __ _ _
 /\\ / ___'_ __ _ _(_)_ __  __ _ \ \ \ \
( ( )\___ | '_ | '_| | '_ \/ _` | \ \ \ \
 \\/  ___)| |_)| | | | | || (_| |  ) ) ) )
  '  |____| .__|_| |_|_| |_\__, | / / / /
 =========|_|==============|___/=/_/_/_/

 :: Spring Boot ::                (v4.0.2)

2026-02-18T14:18:46.170+05:30  INFO 19624 --- [JWT Authentication Example] [           main] c.j.e.J.c.AuthControllerIntegrationTest  : Starting AuthControllerIntegrationTest using Java 25.0.2 with PID 19624 (started by Atul Satpute in E:\Spring_Boot\JwtExample)
2026-02-18T14:18:46.170+05:30 DEBUG 19624 --- [JWT Authentication Example] [           main] c.j.e.J.c.AuthControllerIntegrationTest  : Running with Spring Boot v4.0.2, Spring v7.0.3
2026-02-18T14:18:46.170+05:30  INFO 19624 --- [JWT Authentication Example] [           main] c.j.e.J.c.AuthControllerIntegrationTest  : The following 1 profile is active: "dev"
2026-02-18T14:18:46.318+05:30  INFO 19624 --- [JWT Authentication Example] [           main] .s.d.r.c.RepositoryConfigurationDelegate : Bootstrapping Spring Data JPA repositories in DEFAULT mode.
2026-02-18T14:18:46.326+05:30  INFO 19624 --- [JWT Authentication Example] [           main] .s.d.r.c.RepositoryConfigurationDelegate : Finished Spring Data repository scanning in 7 ms. Found 1 JPA repository interface.
2026-02-18T14:18:46.372+05:30  INFO 19624 --- [JWT Authentication Example] [           main] org.hibernate.orm.jpa                    : HHH008540: Processing PersistenceUnitInfo [name: default]
2026-02-18T14:18:46.385+05:30  INFO 19624 --- [JWT Authentication Example] [           main] o.s.o.j.p.SpringPersistenceUnitInfo      : No LoadTimeWeaver setup: ignoring JPA class transformer
2026-02-18T14:18:46.385+05:30  INFO 19624 --- [JWT Authentication Example] [           main] com.zaxxer.hikari.HikariDataSource       : HikariPool-3 - Starting...
2026-02-18T14:18:46.387+05:30  INFO 19624 --- [JWT Authentication Example] [           main] com.zaxxer.hikari.pool.HikariPool        : HikariPool-3 - Added connection conn20: url=jdbc:h2:mem:testdb user=SA
2026-02-18T14:18:46.388+05:30  INFO 19624 --- [JWT Authentication Example] [           main] com.zaxxer.hikari.HikariDataSource       : HikariPool-3 - Start completed.
2026-02-18T14:18:46.388+05:30  WARN 19624 --- [JWT Authentication Example] [           main] org.hibernate.orm.deprecation            : HHH90000025: H2Dialect does not need to be specified explicitly using 'hibernate.dialect' (remove the property setting and it will be selected by default)
2026-02-18T14:18:46.389+05:30  INFO 19624 --- [JWT Authentication Example] [           main] org.hibernate.orm.connections.pooling    : HHH10001005: Database info:
	Database JDBC URL [jdbc:h2:mem:testdb]
	Database driver: H2 JDBC Driver
	Database dialect: H2Dialect
	Database version: 2.4.240
	Default catalog/schema: TESTDB/PUBLIC
	Autocommit mode: undefined/unknown
	Isolation level: READ_COMMITTED [default READ_COMMITTED]
	JDBC fetch size: 100
	Pool: DataSourceConnectionProvider
	Minimum pool size: undefined/unknown
	Maximum pool size: undefined/unknown
2026-02-18T14:18:46.410+05:30  INFO 19624 --- [JWT Authentication Example] [           main] org.hibernate.orm.core                   : HHH000489: No JTA platform available (set 'hibernate.transaction.jta.platform' to enable JTA platform integration)
2026-02-18T14:18:46.410+05:30 DEBUG 19624 --- [JWT Authentication Example] [           main] org.hibernate.SQL                        : 
    drop table if exists users cascade 
Hibernate: 
    drop table if exists users cascade 
2026-02-18T14:18:46.411+05:30 DEBUG 19624 --- [JWT Authentication Example] [           main] org.hibernate.SQL                        : 
    create table users (
        enabled boolean not null,
        created_at bigint not null,
        id bigint generated by default as identity,
        updated_at bigint,
        email varchar(255) not null unique,
        full_name varchar(255) not null,
        password varchar(255) not null,
        username varchar(255) not null unique,
        primary key (id)
    )
Hibernate: 
    create table users (
        enabled boolean not null,
        created_at bigint not null,
        id bigint generated by default as identity,
        updated_at bigint,
        email varchar(255) not null unique,
        full_name varchar(255) not null,
        password varchar(255) not null,
        username varchar(255) not null unique,
        primary key (id)
    )
2026-02-18T14:18:46.413+05:30  INFO 19624 --- [JWT Authentication Example] [           main] j.LocalContainerEntityManagerFactoryBean : Initialized JPA EntityManagerFactory for persistence unit 'default'
2026-02-18T14:18:46.441+05:30  WARN 19624 --- [JWT Authentication Example] [           main] JpaBaseConfiguration$JpaWebConfiguration : spring.jpa.open-in-view is enabled by default. Therefore, database queries may be performed during view rendering. Explicitly configure spring.jpa.open-in-view to disable this warning
2026-02-18T14:18:46.464+05:30  INFO 19624 --- [JWT Authentication Example] [           main] r$InitializeUserDetailsManagerConfigurer : Global AuthenticationManager configured with UserDetailsService bean with name customUserDetailsService
2026-02-18T14:18:46.488+05:30 DEBUG 19624 --- [JWT Authentication Example] [           main] o.s.s.web.DefaultSecurityFilterChain     : Will secure any request with filters: DisableEncodeUrlFilter, WebAsyncManagerIntegrationFilter, SecurityContextHolderFilter, HeaderWriterFilter, LogoutFilter, JwtAuthenticationFilter, RequestCacheAwareFilter, SecurityContextHolderAwareRequestFilter, AnonymousAuthenticationFilter, SessionManagementFilter, ExceptionTranslationFilter, AuthorizationFilter
2026-02-18T14:18:46.559+05:30  INFO 19624 --- [JWT Authentication Example] [           main] c.j.e.J.c.AuthControllerIntegrationTest  : Started AuthControllerIntegrationTest in 0.416 seconds (process running for 6.374)
2026-02-18T14:18:46.562+05:30  INFO 19624 --- [JWT Authentication Example] [           main] o.s.b.t.m.w.SpringBootMockServletContext : Initializing Spring TestDispatcherServlet ''
2026-02-18T14:18:46.563+05:30  INFO 19624 --- [JWT Authentication Example] [           main] o.s.t.web.servlet.TestDispatcherServlet  : Initializing Servlet ''
2026-02-18T14:18:46.564+05:30  INFO 19624 --- [JWT Authentication Example] [           main] o.s.t.web.servlet.TestDispatcherServlet  : Completed initialization in 1 ms
2026-02-18T14:18:46.889+05:30 DEBUG 19624 --- [JWT Authentication Example] [           main] org.hibernate.SQL                        : 
    /* SELECT
        u.id id 
    FROM
        User u 
    WHERE
        u.username = :username */ select
            u1_0.id 
        from
            users u1_0 
        where
            u1_0.username=? 
        fetch
            first ? rows only
Hibernate: 
    /* SELECT
        u.id id 
    FROM
        User u 
    WHERE
        u.username = :username */ select
            u1_0.id 
        from
            users u1_0 
        where
            u1_0.username=? 
        fetch
            first ? rows only
2026-02-18T14:18:46.922+05:30 DEBUG 19624 --- [JWT Authentication Example] [           main] org.hibernate.SQL                        : 
    /* SELECT
        u.id id 
    FROM
        User u 
    WHERE
        u.email = :email */ select
            u1_0.id 
        from
            users u1_0 
        where
            u1_0.email=? 
        fetch
            first ? rows only
Hibernate: 
    /* SELECT
        u.id id 
    FROM
        User u 
    WHERE
        u.email = :email */ select
            u1_0.id 
        from
            users u1_0 
        where
            u1_0.email=? 
        fetch
            first ? rows only
2026-02-18T14:18:47.017+05:30 DEBUG 19624 --- [JWT Authentication Example] [           main] org.hibernate.SQL                        : 
    /* insert 
    for
        com.jwt.example.JwtExample.entity.User
        */insert 
    into
        users (created_at, email, enabled, full_name, password, updated_at, username, id) 
    values
        (?, ?, ?, ?, ?, ?, ?, default)
Hibernate: 
    /* insert 
    for
        com.jwt.example.JwtExample.entity.User
        */insert 
    into
        users (created_at, email, enabled, full_name, password, updated_at, username, id) 
    values
        (?, ?, ?, ?, ?, ?, ?, default)
